// Jest Snapshot v1, https://goo.gl/fbAQLP

exports[`<Main /> should render the heading 1`] = `
<main
  class="styles__Wrapper-sc-18tj86z-0 bmHRGV"
>
  <img
    alt="Imagem de um átomo e React Avançado escrito ao lado."
    class="styles__Logo-sc-18tj86z-1 cnjhQu"
    src="/img/logo.svg"
  />
  <h1
    class="styles__Title-sc-18tj86z-2 jcjSPU"
  >
    React Avançado
  </h1>
  <h2
    class="styles__Description-sc-18tj86z-3 bmqGsn"
  >
    TypeScript, ReactJS, NextJS e Styled Components
  </h2>
  <img
    alt="Um desenvolvedor de frente para uma tela com código."
    class="styles__Illustration-sc-18tj86z-4 eqjaAC"
    src="/img/hero-illustration.svg"
  />
</main>
`
